C:\Users\Dennis Zhan>cd Desktop

C:\Users\Dennis Zhan\Desktop>md GitHubRepoAssignment

C:\Users\Dennis Zhan\Desktop>cd GitHubRepoAssignment

C:\Users\Dennis Zhan\Desktop\GitHubRepoAssignment>git init
Initialized empty Git repository in C:/Users/Dennis Zhan/Desktop/GitHubRepoAssignment/.git/

C:\Users\Dennis Zhan\Desktop\GitHubRepoAssignment>copy NUL readme.md
        1 file(s) copied.

C:\Users\Dennis Zhan\Desktop\GitHubRepoAssignment>git status
On branch master

No commits yet

Untracked files:
  (use "git add <file>..." to include in what will be committed)

        readme.md

nothing added to commit but untracked files present (use "git add" to track)

C:\Users\Dennis Zhan\Desktop\GitHubRepoAssignment>git add readme.md

C:\Users\Dennis Zhan\Desktop\GitHubRepoAssignment>git commit -m "first commit"
[master (root-commit) 9347e34] first commit
 1 file changed, 0 insertions(+), 0 deletions(-)
 create mode 100644 readme.md

C:\Users\Dennis Zhan\Desktop\GitHubRepoAssignment>git remote add origin https://github.com/denniszhan1/GitHubRepoAssignment.git

C:\Users\Dennis Zhan\Desktop\GitHubRepoAssignment>git push -u origin master
Counting objects: 3, done.
Writing objects: 100% (3/3), 212 bytes | 212.00 KiB/s, done.
Total 3 (delta 0), reused 0 (delta 0)
To https://github.com/denniszhan1/GitHubRepoAssignment.git
 * [new branch]      master -> master
Branch 'master' set up to track remote branch 'master' from 'origin'.